// Jest Snapshot v1, https://goo.gl/fbAQLP

exports[`Grid must match snapshot 1`] = `
<body>
  <div>
    <div
      class="p-4 grid-wrapper"
    >
      <div
        class="clear-both"
      >
        <div
          class="float-left whitespace-no-wrap"
        >
          <div
            class="relative"
          >
            <img
              alt="tile-0-0"
              src="mapTile_c.png"
            />
             
          </div>
        </div>
        <div
          class="float-left whitespace-no-wrap"
        >
          <div
            class="relative"
          >
            <img
              alt="tile-1-0"
              src="mapTile_c.png"
            />
             
          </div>
        </div>
        <div
          class="float-left whitespace-no-wrap"
        >
          <div
            class="relative"
          >
            <img
              alt="tile-2-0"
              src="mapTile_c.png"
            />
             
          </div>
        </div>
        <div
          class="float-left whitespace-no-wrap"
        >
          <div
            class="relative"
          >
            <img
              alt="tile-3-0"
              src="mapTile_c.png"
            />
             
          </div>
        </div>
        <div
          class="float-left whitespace-no-wrap"
        >
          <div
            class="relative"
          >
            <img
              alt="tile-4-0"
              src="mapTile_c.png"
            />
             
          </div>
        </div>
        <div
          class="float-left whitespace-no-wrap"
        >
          <div
            class="relative"
          >
            <img
              alt="tile-5-0"
              src="mapTile_c.png"
            />
             
          </div>
        </div>
        <div
          class="float-left whitespace-no-wrap"
        >
          <div
            class="relative"
          >
            <img
              alt="tile-6-0"
              src="mapTile_c.png"
            />
             
          </div>
        </div>
        <div
          class="float-left whitespace-no-wrap"
        >
          <div
            class="relative"
          >
            <img
              alt="tile-7-0"
              src="mapTile_c.png"
            />
             
          </div>
        </div>
        <div
          class="float-left whitespace-no-wrap"
        >
          <div
            class="relative"
          >
            <img
              alt="tile-8-0"
              src="mapTile_c.png"
            />
             
          </div>
        </div>
        <div
          class="float-left whitespace-no-wrap"
        >
          <div
            class="relative"
          >
            <img
              alt="tile-9-0"
              src="mapTile_c.png"
            />
             
          </div>
        </div>
        <div
          class="float-left whitespace-no-wrap"
        >
          <div
            class="relative"
          >
            <img
              alt="tile-10-0"
              src="mapTile_c.png"
            />
             
          </div>
        </div>
        <div
          class="float-left whitespace-no-wrap"
        >
          <div
            class="relative"
          >
            <img
              alt="tile-11-0"
              src="mapTile_c.png"
            />
             
          </div>
        </div>
        <div
          class="float-left whitespace-no-wrap"
        >
          <div
            class="relative"
          >
            <img
              alt="tile-12-0"
              src="mapTile_c.png"
            />
             
          </div>
        </div>
        <div
          class="float-left whitespace-no-wrap"
        >
          <div
            class="relative"
          >
            <img
              alt="tile-13-0"
              src="mapTile_c.png"
            />
             
          </div>
        </div>
        <div
          class="float-left whitespace-no-wrap"
        >
          <div
            class="relative"
          >
            <img
              alt="tile-14-0"
              src="mapTile_c.png"
            />
             
          </div>
        </div>
        <div
          class="float-left whitespace-no-wrap"
        >
          <div
            class="relative"
          >
            <img
              alt="tile-15-0"
              src="mapTile_c.png"
            />
             
          </div>
        </div>
         
      </div>
      <div
        class="clear-both"
      >
        <div
          class="float-left whitespace-no-wrap"
        >
          <div
            class="relative"
          >
            <img
              alt="tile-0-1"
              src="mapTile_c.png"
            />
             
          </div>
        </div>
        <div
          class="float-left whitespace-no-wrap"
        >
          <div
            class="relative"
          >
            <img
              alt="tile-1-1"
              src="mapTile_c.png"
            />
             
          </div>
        </div>
        <div
          class="float-left whitespace-no-wrap"
        >
          <div
            class="relative"
          >
            <img
              alt="tile-2-1"
              src="mapTile_c.png"
            />
             
          </div>
        </div>
        <div
          class="float-left whitespace-no-wrap"
        >
          <div
            class="relative"
          >
            <img
              alt="tile-3-1"
              src="mapTile_c.png"
            />
             
          </div>
        </div>
        <div
          class="float-left whitespace-no-wrap"
        >
          <div
            class="relative"
          >
            <img
              alt="tile-4-1"
              src="mapTile_c.png"
            />
             
          </div>
        </div>
        <div
          class="float-left whitespace-no-wrap"
        >
          <div
            class="relative"
          >
            <img
              alt="tile-5-1"
              src="mapTile_c.png"
            />
             
          </div>
        </div>
        <div
          class="float-left whitespace-no-wrap"
        >
          <div
            class="relative"
          >
            <img
              alt="tile-6-1"
              src="mapTile_c.png"
            />
             
          </div>
        </div>
        <div
          class="float-left whitespace-no-wrap"
        >
          <div
            class="relative"
          >
            <img
              alt="tile-7-1"
              src="mapTile_c.png"
            />
             
          </div>
        </div>
        <div
          class="float-left whitespace-no-wrap"
        >
          <div
            class="relative"
          >
            <img
              alt="tile-8-1"
              src="mapTile_c.png"
            />
             
          </div>
        </div>
        <div
          class="float-left whitespace-no-wrap"
        >
          <div
            class="relative"
          >
            <img
              alt="tile-9-1"
              src="mapTile_c.png"
            />
             
          </div>
        </div>
        <div
          class="float-left whitespace-no-wrap"
        >
          <div
            class="relative"
          >
            <img
              alt="tile-10-1"
              src="mapTile_c.png"
            />
             
          </div>
        </div>
        <div
          class="float-left whitespace-no-wrap"
        >
          <div
            class="relative"
          >
            <img
              alt="tile-11-1"
              src="mapTile_c.png"
            />
             
          </div>
        </div>
        <div
          class="float-left whitespace-no-wrap"
        >
          <div
            class="relative"
          >
            <img
              alt="tile-12-1"
              src="mapTile_c.png"
            />
             
          </div>
        </div>
        <div
          class="float-left whitespace-no-wrap"
        >
          <div
            class="relative"
          >
            <img
              alt="tile-13-1"
              src="mapTile_c.png"
            />
             
          </div>
        </div>
        <div
          class="float-left whitespace-no-wrap"
        >
          <div
            class="relative"
          >
            <img
              alt="tile-14-1"
              src="mapTile_c.png"
            />
             
          </div>
        </div>
        <div
          class="float-left whitespace-no-wrap"
        >
          <div
            class="relative"
          >
            <img
              alt="tile-15-1"
              src="mapTile_c.png"
            />
             
          </div>
        </div>
         
      </div>
      <div
        class="clear-both"
      >
        <div
          class="float-left whitespace-no-wrap"
        >
          <div
            class="relative"
          >
            <img
              alt="tile-0-2"
              src="mapTile_c.png"
            />
             
          </div>
        </div>
        <div
          class="float-left whitespace-no-wrap"
        >
          <div
            class="relative"
          >
            <img
              alt="tile-1-2"
              src="mapTile_c.png"
            />
             
          </div>
        </div>
        <div
          class="float-left whitespace-no-wrap"
        >
          <div
            class="relative"
          >
            <img
              alt="tile-2-2"
              src="mapTile_c.png"
            />
             
          </div>
        </div>
        <div
          class="float-left whitespace-no-wrap"
        >
          <div
            class="relative"
          >
            <img
              alt="tile-3-2"
              src="mapTile_c.png"
            />
             
          </div>
        </div>
        <div
          class="float-left whitespace-no-wrap"
        >
          <div
            class="relative"
          >
            <img
              alt="tile-4-2"
              src="mapTile_c.png"
            />
             
          </div>
        </div>
        <div
          class="float-left whitespace-no-wrap"
        >
          <div
            class="relative"
          >
            <img
              alt="tile-5-2"
              src="mapTile_c.png"
            />
             
          </div>
        </div>
        <div
          class="float-left whitespace-no-wrap"
        >
          <div
            class="relative"
          >
            <img
              alt="tile-6-2"
              src="mapTile_c.png"
            />
             
          </div>
        </div>
        <div
          class="float-left whitespace-no-wrap"
        >
          <div
            class="relative"
          >
            <img
              alt="tile-7-2"
              src="mapTile_c.png"
            />
             
          </div>
        </div>
        <div
          class="float-left whitespace-no-wrap"
        >
          <div
            class="relative"
          >
            <img
              alt="tile-8-2"
              src="mapTile_c.png"
            />
             
          </div>
        </div>
        <div
          class="float-left whitespace-no-wrap"
        >
          <div
            class="relative"
          >
            <img
              alt="tile-9-2"
              src="mapTile_c.png"
            />
             
          </div>
        </div>
        <div
          class="float-left whitespace-no-wrap"
        >
          <div
            class="relative"
          >
            <img
              alt="tile-10-2"
              src="mapTile_c.png"
            />
             
          </div>
        </div>
        <div
          class="float-left whitespace-no-wrap"
        >
          <div
            class="relative"
          >
            <img
              alt="tile-11-2"
              src="mapTile_c.png"
            />
             
          </div>
        </div>
        <div
          class="float-left whitespace-no-wrap"
        >
          <div
            class="relative"
          >
            <img
              alt="tile-12-2"
              src="mapTile_c.png"
            />
             
          </div>
        </div>
        <div
          class="float-left whitespace-no-wrap"
        >
          <div
            class="relative"
          >
            <img
              alt="tile-13-2"
              src="mapTile_c.png"
            />
             
          </div>
        </div>
        <div
          class="float-left whitespace-no-wrap"
        >
          <div
            class="relative"
          >
            <img
              alt="tile-14-2"
              src="mapTile_c.png"
            />
             
          </div>
        </div>
        <div
          class="float-left whitespace-no-wrap"
        >
          <div
            class="relative"
          >
            <img
              alt="tile-15-2"
              src="mapTile_c.png"
            />
             
          </div>
        </div>
         
      </div>
      <div
        class="clear-both"
      >
        <div
          class="float-left whitespace-no-wrap"
        >
          <div
            class="relative"
          >
            <img
              alt="tile-0-3"
              src="mapTile_c.png"
            />
             
          </div>
        </div>
        <div
          class="float-left whitespace-no-wrap"
        >
          <div
            class="relative"
          >
            <img
              alt="tile-1-3"
              src="mapTile_c.png"
            />
             
          </div>
        </div>
        <div
          class="float-left whitespace-no-wrap"
        >
          <div
            class="relative"
          >
            <img
              alt="tile-2-3"
              src="mapTile_c.png"
            />
             
          </div>
        </div>
        <div
          class="float-left whitespace-no-wrap"
        >
          <div
            class="relative"
          >
            <img
              alt="tile-3-3"
              src="mapTile_c.png"
            />
             
            <div
              class="absolute top-0"
            >
              <img
                alt="rover"
                class="ml-3 mt-3"
                src="rover.png"
                style="transform: rotate(90deg)"
                title="bob-3-3-w"
              />
            </div>
          </div>
        </div>
        <div
          class="float-left whitespace-no-wrap"
        >
          <div
            class="relative"
          >
            <img
              alt="tile-4-3"
              src="mapTile_c.png"
            />
             
          </div>
        </div>
        <div
          class="float-left whitespace-no-wrap"
        >
          <div
            class="relative"
          >
            <img
              alt="tile-5-3"
              src="mapTile_c.png"
            />
             
          </div>
        </div>
        <div
          class="float-left whitespace-no-wrap"
        >
          <div
            class="relative"
          >
            <img
              alt="tile-6-3"
              src="mapTile_c.png"
            />
             
          </div>
        </div>
        <div
          class="float-left whitespace-no-wrap"
        >
          <div
            class="relative"
          >
            <img
              alt="tile-7-3"
              src="mapTile_c.png"
            />
             
          </div>
        </div>
        <div
          class="float-left whitespace-no-wrap"
        >
          <div
            class="relative"
          >
            <img
              alt="tile-8-3"
              src="mapTile_c.png"
            />
             
          </div>
        </div>
        <div
          class="float-left whitespace-no-wrap"
        >
          <div
            class="relative"
          >
            <img
              alt="tile-9-3"
              src="mapTile_c.png"
            />
             
          </div>
        </div>
        <div
          class="float-left whitespace-no-wrap"
        >
          <div
            class="relative"
          >
            <img
              alt="tile-10-3"
              src="mapTile_c.png"
            />
             
          </div>
        </div>
        <div
          class="float-left whitespace-no-wrap"
        >
          <div
            class="relative"
          >
            <img
              alt="tile-11-3"
              src="mapTile_c.png"
            />
             
          </div>
        </div>
        <div
          class="float-left whitespace-no-wrap"
        >
          <div
            class="relative"
          >
            <img
              alt="tile-12-3"
              src="mapTile_c.png"
            />
             
          </div>
        </div>
        <div
          class="float-left whitespace-no-wrap"
        >
          <div
            class="relative"
          >
            <img
              alt="tile-13-3"
              src="mapTile_c.png"
            />
             
          </div>
        </div>
        <div
          class="float-left whitespace-no-wrap"
        >
          <div
            class="relative"
          >
            <img
              alt="tile-14-3"
              src="mapTile_c.png"
            />
             
          </div>
        </div>
        <div
          class="float-left whitespace-no-wrap"
        >
          <div
            class="relative"
          >
            <img
              alt="tile-15-3"
              src="mapTile_c.png"
            />
             
          </div>
        </div>
         
      </div>
      <div
        class="clear-both"
      >
        <div
          class="float-left whitespace-no-wrap"
        >
          <div
            class="relative"
          >
            <img
              alt="tile-0-4"
              src="mapTile_c.png"
            />
             
          </div>
        </div>
        <div
          class="float-left whitespace-no-wrap"
        >
          <div
            class="relative"
          >
            <img
              alt="tile-1-4"
              src="mapTile_c.png"
            />
             
          </div>
        </div>
        <div
          class="float-left whitespace-no-wrap"
        >
          <div
            class="relative"
          >
            <img
              alt="tile-2-4"
              src="mapTile_c.png"
            />
             
          </div>
        </div>
        <div
          class="float-left whitespace-no-wrap"
        >
          <div
            class="relative"
          >
            <img
              alt="tile-3-4"
              src="mapTile_c.png"
            />
             
          </div>
        </div>
        <div
          class="float-left whitespace-no-wrap"
        >
          <div
            class="relative"
          >
            <img
              alt="tile-4-4"
              src="mapTile_c.png"
            />
             
          </div>
        </div>
        <div
          class="float-left whitespace-no-wrap"
        >
          <div
            class="relative"
          >
            <img
              alt="tile-5-4"
              src="mapTile_c.png"
            />
             
          </div>
        </div>
        <div
          class="float-left whitespace-no-wrap"
        >
          <div
            class="relative"
          >
            <img
              alt="tile-6-4"
              src="mapTile_c.png"
            />
             
          </div>
        </div>
        <div
          class="float-left whitespace-no-wrap"
        >
          <div
            class="relative"
          >
            <img
              alt="tile-7-4"
              src="mapTile_c.png"
            />
             
          </div>
        </div>
        <div
          class="float-left whitespace-no-wrap"
        >
          <div
            class="relative"
          >
            <img
              alt="tile-8-4"
              src="mapTile_c.png"
            />
             
          </div>
        </div>
        <div
          class="float-left whitespace-no-wrap"
        >
          <div
            class="relative"
          >
            <img
              alt="tile-9-4"
              src="mapTile_c.png"
            />
             
          </div>
        </div>
        <div
          class="float-left whitespace-no-wrap"
        >
          <div
            class="relative"
          >
            <img
              alt="tile-10-4"
              src="mapTile_c.png"
            />
             
          </div>
        </div>
        <div
          class="float-left whitespace-no-wrap"
        >
          <div
            class="relative"
          >
            <img
              alt="tile-11-4"
              src="mapTile_c.png"
            />
             
          </div>
        </div>
        <div
          class="float-left whitespace-no-wrap"
        >
          <div
            class="relative"
          >
            <img
              alt="tile-12-4"
              src="mapTile_c.png"
            />
             
          </div>
        </div>
        <div
          class="float-left whitespace-no-wrap"
        >
          <div
            class="relative"
          >
            <img
              alt="tile-13-4"
              src="mapTile_c.png"
            />
             
          </div>
        </div>
        <div
          class="float-left whitespace-no-wrap"
        >
          <div
            class="relative"
          >
            <img
              alt="tile-14-4"
              src="mapTile_c.png"
            />
             
          </div>
        </div>
        <div
          class="float-left whitespace-no-wrap"
        >
          <div
            class="relative"
          >
            <img
              alt="tile-15-4"
              src="mapTile_c.png"
            />
             
          </div>
        </div>
         
      </div>
      <div
        class="clear-both"
      >
        <div
          class="float-left whitespace-no-wrap"
        >
          <div
            class="relative"
          >
            <img
              alt="tile-0-5"
              src="mapTile_c.png"
            />
             
          </div>
        </div>
        <div
          class="float-left whitespace-no-wrap"
        >
          <div
            class="relative"
          >
            <img
              alt="tile-1-5"
              src="mapTile_c.png"
            />
             
          </div>
        </div>
        <div
          class="float-left whitespace-no-wrap"
        >
          <div
            class="relative"
          >
            <img
              alt="tile-2-5"
              src="mapTile_c.png"
            />
             
          </div>
        </div>
        <div
          class="float-left whitespace-no-wrap"
        >
          <div
            class="relative"
          >
            <img
              alt="tile-3-5"
              src="mapTile_c.png"
            />
             
          </div>
        </div>
        <div
          class="float-left whitespace-no-wrap"
        >
          <div
            class="relative"
          >
            <img
              alt="tile-4-5"
              src="mapTile_c.png"
            />
             
          </div>
        </div>
        <div
          class="float-left whitespace-no-wrap"
        >
          <div
            class="relative"
          >
            <img
              alt="tile-5-5"
              src="mapTile_c.png"
            />
             
          </div>
        </div>
        <div
          class="float-left whitespace-no-wrap"
        >
          <div
            class="relative"
          >
            <img
              alt="tile-6-5"
              src="mapTile_c.png"
            />
             
          </div>
        </div>
        <div
          class="float-left whitespace-no-wrap"
        >
          <div
            class="relative"
          >
            <img
              alt="tile-7-5"
              src="mapTile_c.png"
            />
             
          </div>
        </div>
        <div
          class="float-left whitespace-no-wrap"
        >
          <div
            class="relative"
          >
            <img
              alt="tile-8-5"
              src="mapTile_c.png"
            />
             
          </div>
        </div>
        <div
          class="float-left whitespace-no-wrap"
        >
          <div
            class="relative"
          >
            <img
              alt="tile-9-5"
              src="mapTile_c.png"
            />
             
          </div>
        </div>
        <div
          class="float-left whitespace-no-wrap"
        >
          <div
            class="relative"
          >
            <img
              alt="tile-10-5"
              src="mapTile_c.png"
            />
             
          </div>
        </div>
        <div
          class="float-left whitespace-no-wrap"
        >
          <div
            class="relative"
          >
            <img
              alt="tile-11-5"
              src="mapTile_c.png"
            />
             
          </div>
        </div>
        <div
          class="float-left whitespace-no-wrap"
        >
          <div
            class="relative"
          >
            <img
              alt="tile-12-5"
              src="mapTile_c.png"
            />
             
          </div>
        </div>
        <div
          class="float-left whitespace-no-wrap"
        >
          <div
            class="relative"
          >
            <img
              alt="tile-13-5"
              src="mapTile_c.png"
            />
             
          </div>
        </div>
        <div
          class="float-left whitespace-no-wrap"
        >
          <div
            class="relative"
          >
            <img
              alt="tile-14-5"
              src="mapTile_c.png"
            />
             
          </div>
        </div>
        <div
          class="float-left whitespace-no-wrap"
        >
          <div
            class="relative"
          >
            <img
              alt="tile-15-5"
              src="mapTile_c.png"
            />
             
          </div>
        </div>
         
      </div>
      <div
        class="clear-both"
      >
        <div
          class="float-left whitespace-no-wrap"
        >
          <div
            class="relative"
          >
            <img
              alt="tile-0-6"
              src="mapTile_c.png"
            />
             
          </div>
        </div>
        <div
          class="float-left whitespace-no-wrap"
        >
          <div
            class="relative"
          >
            <img
              alt="tile-1-6"
              src="mapTile_c.png"
            />
             
          </div>
        </div>
        <div
          class="float-left whitespace-no-wrap"
        >
          <div
            class="relative"
          >
            <img
              alt="tile-2-6"
              src="mapTile_c.png"
            />
             
          </div>
        </div>
        <div
          class="float-left whitespace-no-wrap"
        >
          <div
            class="relative"
          >
            <img
              alt="tile-3-6"
              src="mapTile_c.png"
            />
             
          </div>
        </div>
        <div
          class="float-left whitespace-no-wrap"
        >
          <div
            class="relative"
          >
            <img
              alt="tile-4-6"
              src="mapTile_c.png"
            />
             
          </div>
        </div>
        <div
          class="float-left whitespace-no-wrap"
        >
          <div
            class="relative"
          >
            <img
              alt="tile-5-6"
              src="mapTile_c.png"
            />
             
          </div>
        </div>
        <div
          class="float-left whitespace-no-wrap"
        >
          <div
            class="relative"
          >
            <img
              alt="tile-6-6"
              src="mapTile_c.png"
            />
             
          </div>
        </div>
        <div
          class="float-left whitespace-no-wrap"
        >
          <div
            class="relative"
          >
            <img
              alt="tile-7-6"
              src="mapTile_c.png"
            />
             
          </div>
        </div>
        <div
          class="float-left whitespace-no-wrap"
        >
          <div
            class="relative"
          >
            <img
              alt="tile-8-6"
              src="mapTile_c.png"
            />
             
          </div>
        </div>
        <div
          class="float-left whitespace-no-wrap"
        >
          <div
            class="relative"
          >
            <img
              alt="tile-9-6"
              src="mapTile_c.png"
            />
             
          </div>
        </div>
        <div
          class="float-left whitespace-no-wrap"
        >
          <div
            class="relative"
          >
            <img
              alt="tile-10-6"
              src="mapTile_c.png"
            />
             
          </div>
        </div>
        <div
          class="float-left whitespace-no-wrap"
        >
          <div
            class="relative"
          >
            <img
              alt="tile-11-6"
              src="mapTile_c.png"
            />
             
          </div>
        </div>
        <div
          class="float-left whitespace-no-wrap"
        >
          <div
            class="relative"
          >
            <img
              alt="tile-12-6"
              src="mapTile_c.png"
            />
             
          </div>
        </div>
        <div
          class="float-left whitespace-no-wrap"
        >
          <div
            class="relative"
          >
            <img
              alt="tile-13-6"
              src="mapTile_c.png"
            />
             
          </div>
        </div>
        <div
          class="float-left whitespace-no-wrap"
        >
          <div
            class="relative"
          >
            <img
              alt="tile-14-6"
              src="mapTile_c.png"
            />
             
          </div>
        </div>
        <div
          class="float-left whitespace-no-wrap"
        >
          <div
            class="relative"
          >
            <img
              alt="tile-15-6"
              src="mapTile_c.png"
            />
             
          </div>
        </div>
         
      </div>
      <div
        class="clear-both"
      >
        <div
          class="float-left whitespace-no-wrap"
        >
          <div
            class="relative"
          >
            <img
              alt="tile-0-7"
              src="mapTile_c.png"
            />
             
          </div>
        </div>
        <div
          class="float-left whitespace-no-wrap"
        >
          <div
            class="relative"
          >
            <img
              alt="tile-1-7"
              src="mapTile_c.png"
            />
             
          </div>
        </div>
        <div
          class="float-left whitespace-no-wrap"
        >
          <div
            class="relative"
          >
            <img
              alt="tile-2-7"
              src="mapTile_c.png"
            />
             
          </div>
        </div>
        <div
          class="float-left whitespace-no-wrap"
        >
          <div
            class="relative"
          >
            <img
              alt="tile-3-7"
              src="mapTile_c.png"
            />
             
          </div>
        </div>
        <div
          class="float-left whitespace-no-wrap"
        >
          <div
            class="relative"
          >
            <img
              alt="tile-4-7"
              src="mapTile_c.png"
            />
             
          </div>
        </div>
        <div
          class="float-left whitespace-no-wrap"
        >
          <div
            class="relative"
          >
            <img
              alt="tile-5-7"
              src="mapTile_c.png"
            />
             
          </div>
        </div>
        <div
          class="float-left whitespace-no-wrap"
        >
          <div
            class="relative"
          >
            <img
              alt="tile-6-7"
              src="mapTile_c.png"
            />
             
          </div>
        </div>
        <div
          class="float-left whitespace-no-wrap"
        >
          <div
            class="relative"
          >
            <img
              alt="tile-7-7"
              src="mapTile_c.png"
            />
             
          </div>
        </div>
        <div
          class="float-left whitespace-no-wrap"
        >
          <div
            class="relative"
          >
            <img
              alt="tile-8-7"
              src="mapTile_c.png"
            />
             
          </div>
        </div>
        <div
          class="float-left whitespace-no-wrap"
        >
          <div
            class="relative"
          >
            <img
              alt="tile-9-7"
              src="mapTile_c.png"
            />
             
          </div>
        </div>
        <div
          class="float-left whitespace-no-wrap"
        >
          <div
            class="relative"
          >
            <img
              alt="tile-10-7"
              src="mapTile_c.png"
            />
             
          </div>
        </div>
        <div
          class="float-left whitespace-no-wrap"
        >
          <div
            class="relative"
          >
            <img
              alt="tile-11-7"
              src="mapTile_c.png"
            />
             
          </div>
        </div>
        <div
          class="float-left whitespace-no-wrap"
        >
          <div
            class="relative"
          >
            <img
              alt="tile-12-7"
              src="mapTile_c.png"
            />
             
          </div>
        </div>
        <div
          class="float-left whitespace-no-wrap"
        >
          <div
            class="relative"
          >
            <img
              alt="tile-13-7"
              src="mapTile_c.png"
            />
             
          </div>
        </div>
        <div
          class="float-left whitespace-no-wrap"
        >
          <div
            class="relative"
          >
            <img
              alt="tile-14-7"
              src="mapTile_c.png"
            />
             
          </div>
        </div>
        <div
          class="float-left whitespace-no-wrap"
        >
          <div
            class="relative"
          >
            <img
              alt="tile-15-7"
              src="mapTile_c.png"
            />
             
          </div>
        </div>
         
      </div>
      <div
        class="clear-both"
      >
        <div
          class="float-left whitespace-no-wrap"
        >
          <div
            class="relative"
          >
            <img
              alt="tile-0-8"
              src="mapTile_c.png"
            />
             
          </div>
        </div>
        <div
          class="float-left whitespace-no-wrap"
        >
          <div
            class="relative"
          >
            <img
              alt="tile-1-8"
              src="mapTile_c.png"
            />
             
          </div>
        </div>
        <div
          class="float-left whitespace-no-wrap"
        >
          <div
            class="relative"
          >
            <img
              alt="tile-2-8"
              src="mapTile_c.png"
            />
             
          </div>
        </div>
        <div
          class="float-left whitespace-no-wrap"
        >
          <div
            class="relative"
          >
            <img
              alt="tile-3-8"
              src="mapTile_c.png"
            />
             
          </div>
        </div>
        <div
          class="float-left whitespace-no-wrap"
        >
          <div
            class="relative"
          >
            <img
              alt="tile-4-8"
              src="mapTile_c.png"
            />
             
          </div>
        </div>
        <div
          class="float-left whitespace-no-wrap"
        >
          <div
            class="relative"
          >
            <img
              alt="tile-5-8"
              src="mapTile_c.png"
            />
             
          </div>
        </div>
        <div
          class="float-left whitespace-no-wrap"
        >
          <div
            class="relative"
          >
            <img
              alt="tile-6-8"
              src="mapTile_c.png"
            />
             
          </div>
        </div>
        <div
          class="float-left whitespace-no-wrap"
        >
          <div
            class="relative"
          >
            <img
              alt="tile-7-8"
              src="mapTile_c.png"
            />
             
          </div>
        </div>
        <div
          class="float-left whitespace-no-wrap"
        >
          <div
            class="relative"
          >
            <img
              alt="tile-8-8"
              src="mapTile_c.png"
            />
             
          </div>
        </div>
        <div
          class="float-left whitespace-no-wrap"
        >
          <div
            class="relative"
          >
            <img
              alt="tile-9-8"
              src="mapTile_c.png"
            />
             
          </div>
        </div>
        <div
          class="float-left whitespace-no-wrap"
        >
          <div
            class="relative"
          >
            <img
              alt="tile-10-8"
              src="mapTile_c.png"
            />
             
          </div>
        </div>
        <div
          class="float-left whitespace-no-wrap"
        >
          <div
            class="relative"
          >
            <img
              alt="tile-11-8"
              src="mapTile_c.png"
            />
             
          </div>
        </div>
        <div
          class="float-left whitespace-no-wrap"
        >
          <div
            class="relative"
          >
            <img
              alt="tile-12-8"
              src="mapTile_c.png"
            />
             
          </div>
        </div>
        <div
          class="float-left whitespace-no-wrap"
        >
          <div
            class="relative"
          >
            <img
              alt="tile-13-8"
              src="mapTile_c.png"
            />
             
          </div>
        </div>
        <div
          class="float-left whitespace-no-wrap"
        >
          <div
            class="relative"
          >
            <img
              alt="tile-14-8"
              src="mapTile_c.png"
            />
             
          </div>
        </div>
        <div
          class="float-left whitespace-no-wrap"
        >
          <div
            class="relative"
          >
            <img
              alt="tile-15-8"
              src="mapTile_c.png"
            />
             
          </div>
        </div>
         
      </div>
    </div>
  </div>
</body>
`;
